key-instance-list.yang:31: error: KEY_REQUIRED
key-instance-list.yang:44: error: INVALID_CONFIG
