refine.yang:43: error: BAD_REF_AUG
refine.yang:62: error: BAD_REFINEMENT
