unique2.yang:24: error: BAD_NODE_IN_AUGMENT
unique2.yang:30: error: BAD_NODE_IN_AUGMENT
