grammar-test-4.yang:22: error: UNEXPECTED_KEYWORD
grammar-test-4.yang:31: error: UNEXPECTED_KEYWORD
grammar-test-4.yang:32: error: UNEXPECTED_KEYWORD
grammar-test-4.yang:33: error: UNEXPECTED_KEYWORD
grammar-test-4.yang:49: error: UNEXPECTED_KEYWORD
grammar-test-4.yang:51: error: UNEXPECTED_KEYWORD
grammar-test-4.yang:54: error: UNEXPECTED_KEYWORD
grammar-test-4.yang:57: error: UNEXPECTED_KEYWORD
grammar-test-4.yang:59: error: UNEXPECTED_KEYWORD
grammar-test-4.yang:61: error: UNEXPECTED_KEYWORD
grammar-test-4.yang:63: error: UNEXPECTED_KEYWORD
grammar-test-4.yang:66: error: KEY_REQUIRED
grammar-test-4.yang:71: error: UNEXPECTED_KEYWORD
grammar-test-4.yang:82: error: UNEXPECTED_KEYWORD
grammar-test-4.yang:84: error: UNEXPECTED_KEYWORD
grammar-test-4.yang:87: error: UNEXPECTED_KEYWORD
grammar-test-4.yang:90: error: UNEXPECTED_KEYWORD
grammar-test-4.yang:92: error: UNEXPECTED_KEYWORD
grammar-test-4.yang:94: error: UNEXPECTED_KEYWORD
grammar-test-4.yang:96: error: UNEXPECTED_KEYWORD
grammar-test-4.yang:97: error: UNEXPECTED_KEYWORD
grammar-test-4.yang:98: error: UNEXPECTED_KEYWORD
