uniqueness-within-parent-node.yang:11: error: COMPLEX_TYPE_ALREADY_DEFINED
