smi1.yang:19: error: BAD_VALUE
smi1.yang:24: error: UNEXPECTED_KEYWORD
