xt3.yang:4: error: UNEXPECTED_KEYWORD_1
xt4.yang:16: error: TYPE_VALUE
xt4.yang:24: error: TYPE_VALUE
xt4.yang:35: error: BAD_RESTRICTION
xt4.yang:65: error: TYPE_VALUE
