subsubmodule.yang:14: warning: UNUSED_COMPLEX_TYPE
