unexpected-ct-keyword.yang:10: error: BAD_KEY
unexpected-ct-keyword.yang:27: error: UNEXPECTED_KEYWORD
