rpc.yang:6: error: EXPECTED_DATA_DEF
rpc.yang:8: error: EXPECTED_DATA_DEF
